mysqld: Deprecated program name. It will be removed in a future release, use '/data/data/com.termux/files/usr/bin/mariadbd' instead
2026-07-29 23:02:17 0 [Warning] failed to retrieve the MAC address
2026-07-29 23:02:17 0 [Note] Starting MariaDB 12.3.2-MariaDB source revision 9f98f82b14a9b939834281672b6d0cf965db69a3 server_uid unknown as process 4767
2026-07-29 23:02:17 0 [Note] InnoDB: Compressed tables use zlib 1.3.2
2026-07-29 23:02:17 0 [Note] InnoDB: Number of transaction pools: 1
2026-07-29 23:02:17 0 [Note] InnoDB: Using ARMv8 crc32 + pmull instructions
2026-07-29 23:02:17 0 [Note] InnoDB: innodb_buffer_pool_size_max=131076m, innodb_buffer_pool_size=128m
2026-07-29 23:02:17 0 [Note] InnoDB: Completed initialization of buffer pool
2026-07-29 23:02:17 0 [Note] InnoDB: Buffered log writes (block size=512 bytes)
2026-07-29 23:02:17 0 [Note] InnoDB: End of log at LSN=45568
2026-07-29 23:02:17 0 [Note] InnoDB: Opened 3 undo tablespaces
2026-07-29 23:02:17 0 [Note] InnoDB: 128 rollback segments in 3 undo tablespaces are active.
2026-07-29 23:02:17 0 [Note] InnoDB: Setting file './ibtmp1' size to 12.000MiB. Physically writing the file full; Please wait ...
2026-07-29 23:02:17 0 [Note] InnoDB: File './ibtmp1' size is now 12.000MiB.
2026-07-29 23:02:17 0 [Note] InnoDB: log sequence number 45568; transaction id 14
2026-07-29 23:02:17 0 [Note] Plugin 'FEEDBACK' is disabled.
2026-07-29 23:02:17 0 [Note] InnoDB: Loading buffer pool(s) from /data/data/com.termux/files/usr/var/lib/mysql/ib_buffer_pool
2026-07-29 23:02:17 0 [Note] InnoDB: Buffer pool(s) load completed at 260729 23:02:17
2026-07-29 23:02:22 0 [Note] Server socket created on IP: '::', port: '3306'.
2026-07-29 23:02:22 0 [Note] Server socket created on IP: '0.0.0.0', port: '3306'.
2026-07-29 23:02:22 0 [Note] mysqld: Event Scheduler: Loaded 0 events
2026-07-29 23:02:22 0 [Note] mysqld: ready for connections.
Version: '12.3.2-MariaDB'  socket: '/data/data/com.termux/files/usr/var/run/mysqld.sock'  port: 3306  MariaDB Server
mysqld: Deprecated program name. It will be removed in a future release, use '/data/data/com.termux/files/usr/bin/mariadbd' instead
2026-07-29 23:05:55 0 [Warning] failed to retrieve the MAC address
2026-07-29 23:05:55 0 [Note] Starting MariaDB 12.3.2-MariaDB source revision 9f98f82b14a9b939834281672b6d0cf965db69a3 server_uid unknown as process 5949
2026-07-29 23:05:55 0 [Note] InnoDB: Compressed tables use zlib 1.3.2
2026-07-29 23:05:55 0 [Note] InnoDB: Number of transaction pools: 1
2026-07-29 23:05:55 0 [Note] InnoDB: Using ARMv8 crc32 + pmull instructions
2026-07-29 23:05:55 0 [Note] InnoDB: innodb_buffer_pool_size_max=131078m, innodb_buffer_pool_size=128m
2026-07-29 23:05:55 0 [Note] InnoDB: Completed initialization of buffer pool
2026-07-29 23:05:55 0 [Note] InnoDB: Buffered log writes (block size=512 bytes)
2026-07-29 23:05:55 0 [Note] InnoDB: End of log at LSN=45568
2026-07-29 23:05:56 0 [Note] InnoDB: Opened 3 undo tablespaces
2026-07-29 23:05:56 0 [Note] InnoDB: 128 rollback segments in 3 undo tablespaces are active.
2026-07-29 23:05:56 0 [Note] InnoDB: Removed temporary tablespace data file: "./ibtmp1"
2026-07-29 23:05:56 0 [Note] InnoDB: Setting file './ibtmp1' size to 12.000MiB. Physically writing the file full; Please wait ...
2026-07-29 23:05:56 0 [Note] InnoDB: File './ibtmp1' size is now 12.000MiB.
2026-07-29 23:05:56 0 [Note] InnoDB: log sequence number 45568; transaction id 14
2026-07-29 23:05:56 0 [Note] Plugin 'FEEDBACK' is disabled.
2026-07-29 23:05:56 0 [Note] InnoDB: Loading buffer pool(s) from /data/data/com.termux/files/usr/var/lib/mysql/ib_buffer_pool
2026-07-29 23:05:56 0 [Note] Recovering after a crash using tc.log
2026-07-29 23:05:56 0 [Note] Starting table crash recovery...
2026-07-29 23:05:56 0 [Note] Crash table recovery finished.
2026-07-29 23:05:56 0 [Note] InnoDB: Buffer pool(s) load completed at 260729 23:05:56
2026-07-29 23:06:01 0 [Note] Server socket created on IP: '::', port: '3306'.
2026-07-29 23:06:01 0 [Note] Server socket created on IP: '0.0.0.0', port: '3306'.
2026-07-29 23:06:01 0 [Note] mysqld: Event Scheduler: Loaded 0 events
2026-07-29 23:06:01 0 [Note] mysqld: ready for connections.
Version: '12.3.2-MariaDB'  socket: '/data/data/com.termux/files/usr/var/run/mysqld.sock'  port: 3306  MariaDB Server
